// Jest Snapshot v1, https://goo.gl/fbAQLP

exports[`Home Page Renders Correctly 1`] = `
<div
  className="flex flex-col items-center"
>
  <div
    className="flex flex-col min-h-screen items-center justify-center px-[20px]"
  >
    <div
      className="flex flex-col w-full max-w-[1080px] mx-auto md:flex-row items-center mt-[150px] md:mt-0"
    >
      <div
        aria-modal={true}
        className="modal items-center fade fixed top-0 left-0 w-full h-full outline-none overflow-x-hidden overflow-y-auto bg-background-dark hidden animate-fadein"
        role="dialog"
        style={Object {}}
        tabIndex={-1}
      >
        <div
          className="max-w-prose flex flex-col w-full bg-white relative rounded-lg p-5 z-10 modal-dialog w-auto "
        >
          <div
            className="flex justify-center mt-4"
          >
            <button
              className="flex self-center px-6 py-2.5 bg-transparent border-[1px] border-[#019FFF] text-[#019FFF] hover:text-white font-medium text-xs leading-tight uppercase rounded-full hover:bg-[#019FFF] focus:outline-none focus:ring-0 transition duration-150 ease-in-out"
              onClick={[Function]}
              type="button"
            >
              Close
            </button>
          </div>
        </div>
      </div>
      <div
        className="md:w-1/2"
      >
        <h1
          className="uppercase font-grotesk text-2xl text-white px-[20px]"
        >
          GreenWing - a revolutionary digital solution that provides traceability for sustainable aviation fuels (SAF) certificates.
        </h1>
        <p
          className="font-inter mt-[16px] mb-4 text-white px-[20px]"
        >
          Ð¡onnect to be added in our whitelist: be the first to get access to our private beta
        </p>
        <form
          className="px-[20px] mt-[80px]"
          onSubmit={[Function]}
        >
          <div
            className="flex flex-col items-start md:flex-row md:items-center"
          >
            <input
              className="text-[#41F092] outline-none p-2 bg-transparent border-b-[1px] border-[#B1B1B1] focus:border-[#41F092] md:min-w-[200px] md:mr-4 mb-[31px] md:mb-0"
              onChange={[Function]}
              placeholder="Email"
              type="email"
              value=""
            />
            <button
              className="md:self-end font-inter p-[20px] py-[7px] border-[1px] rounded-[20px] text-[#41F092] border-[#41F092] hover:bg-[#41F092] hover:text-[#343434]"
              type="submit"
            >
              Submit
            </button>
          </div>
        </form>
      </div>
      <div
        className="flex flex-col w-full md:w-1/2 pt-[40px]"
        data-aos="slide-up"
      >
        <div
          className="flex flex-col items-center"
        >
          <div
            className="animate-ninja_bounce mb-[-40px] relative "
          >
            <svg
              className="absolute z-[10] top-0 left-[-110px]"
              fill="none"
              height="45"
              viewBox="0 0 161 45"
              width="161"
              xmlns="http://www.w3.org/2000/svg"
            >
              <rect
                fill="#296D96"
                height="36"
                rx="18"
                transform="matrix(-1 0 0 1 161 0)"
                width="161"
              />
              <path
                d="M20.0036 23V11.3636H22.4638V20.9716H27.4524V23H20.0036ZM33.0135 23.1705C32.1158 23.1705 31.343 22.9886 30.6953 22.625C30.0514 22.2576 29.5552 21.7386 29.2067 21.0682C28.8582 20.3939 28.6839 19.5966 28.6839 18.6761C28.6839 17.7784 28.8582 16.9905 29.2067 16.3125C29.5552 15.6345 30.0457 15.1061 30.6783 14.7273C31.3146 14.3485 32.0608 14.1591 32.9169 14.1591C33.4927 14.1591 34.0286 14.2519 34.5249 14.4375C35.0249 14.6193 35.4605 14.8939 35.8317 15.2614C36.2067 15.6288 36.4983 16.0909 36.7067 16.6477C36.915 17.2008 37.0192 17.8485 37.0192 18.5909V19.2557H29.6499V17.7557H34.7408C34.7408 17.4072 34.665 17.0985 34.5135 16.8295C34.362 16.5606 34.1518 16.3504 33.8828 16.1989C33.6177 16.0436 33.3089 15.9659 32.9567 15.9659C32.5893 15.9659 32.2635 16.0511 31.9794 16.2216C31.6991 16.3883 31.4794 16.6136 31.3203 16.8977C31.1612 17.178 31.0798 17.4905 31.076 17.8352V19.2614C31.076 19.6932 31.1555 20.0663 31.3146 20.3807C31.4775 20.6951 31.7067 20.9375 32.0021 21.108C32.2976 21.2784 32.648 21.3636 33.0533 21.3636C33.3222 21.3636 33.5684 21.3258 33.7919 21.25C34.0154 21.1742 34.2067 21.0606 34.3658 20.9091C34.5249 20.7576 34.6461 20.572 34.7294 20.3523L36.968 20.5C36.8544 21.0379 36.6214 21.5076 36.2692 21.9091C35.9207 22.3068 35.4699 22.6174 34.9169 22.8409C34.3677 23.0606 33.7332 23.1705 33.0135 23.1705ZM43.2408 14.2727V16.0909H37.9851V14.2727H43.2408ZM39.1783 12.1818H41.5987V20.3182C41.5987 20.5417 41.6328 20.7159 41.701 20.8409C41.7692 20.9621 41.8639 21.0473 41.9851 21.0966C42.1101 21.1458 42.254 21.1705 42.4169 21.1705C42.5305 21.1705 42.6442 21.161 42.7578 21.142C42.8714 21.1193 42.9586 21.1023 43.0192 21.0909L43.3999 22.892C43.2786 22.9299 43.1082 22.9735 42.8885 23.0227C42.6688 23.0758 42.4018 23.108 42.0874 23.1193C41.504 23.142 40.9927 23.0644 40.5533 22.8864C40.1177 22.7083 39.7786 22.4318 39.5362 22.0568C39.2938 21.6818 39.1745 21.2083 39.1783 20.6364V12.1818ZM48.5206 23V14.2727H50.8274V15.8125H50.9297C51.1115 15.3011 51.4145 14.8977 51.8388 14.6023C52.263 14.3068 52.7706 14.1591 53.3615 14.1591C53.96 14.1591 54.4695 14.3087 54.8899 14.608C55.3104 14.9034 55.5907 15.3049 55.7308 15.8125H55.8217C55.9998 15.3125 56.3217 14.9129 56.7876 14.6136C57.2573 14.3106 57.8123 14.1591 58.4524 14.1591C59.2668 14.1591 59.9278 14.4186 60.4354 14.9375C60.9467 15.4527 61.2024 16.1837 61.2024 17.1307V23H58.7876V17.608C58.7876 17.1231 58.6589 16.7595 58.4013 16.517C58.1437 16.2746 57.8217 16.1534 57.4354 16.1534C56.996 16.1534 56.6532 16.2936 56.407 16.5739C56.1607 16.8504 56.0376 17.2159 56.0376 17.6705V23H53.6911V17.5568C53.6911 17.1288 53.5679 16.7879 53.3217 16.5341C53.0793 16.2803 52.7592 16.1534 52.3615 16.1534C52.0926 16.1534 51.8501 16.2216 51.6342 16.358C51.4221 16.4905 51.2536 16.678 51.1286 16.9205C51.0036 17.1591 50.9411 17.4394 50.9411 17.7614V23H48.5206ZM67.0916 23.1705C66.1939 23.1705 65.4212 22.9886 64.7734 22.625C64.1295 22.2576 63.6333 21.7386 63.2848 21.0682C62.9363 20.3939 62.7621 19.5966 62.7621 18.6761C62.7621 17.7784 62.9363 16.9905 63.2848 16.3125C63.6333 15.6345 64.1238 15.1061 64.7564 14.7273C65.3928 14.3485 66.139 14.1591 66.995 14.1591C67.5708 14.1591 68.1068 14.2519 68.603 14.4375C69.103 14.6193 69.5386 14.8939 69.9098 15.2614C70.2848 15.6288 70.5765 16.0909 70.7848 16.6477C70.9931 17.2008 71.0973 17.8485 71.0973 18.5909V19.2557H63.728V17.7557H68.8189C68.8189 17.4072 68.7431 17.0985 68.5916 16.8295C68.4401 16.5606 68.2299 16.3504 67.9609 16.1989C67.6958 16.0436 67.3871 15.9659 67.0348 15.9659C66.6674 15.9659 66.3416 16.0511 66.0575 16.2216C65.7772 16.3883 65.5575 16.6136 65.3984 16.8977C65.2393 17.178 65.1579 17.4905 65.1541 17.8352V19.2614C65.1541 19.6932 65.2337 20.0663 65.3928 20.3807C65.5556 20.6951 65.7848 20.9375 66.0803 21.108C66.3757 21.2784 66.7261 21.3636 67.1314 21.3636C67.4003 21.3636 67.6465 21.3258 67.87 21.25C68.0935 21.1742 68.2848 21.0606 68.4439 20.9091C68.603 20.7576 68.7242 20.572 68.8075 20.3523L71.0462 20.5C70.9325 21.0379 70.6996 21.5076 70.3473 21.9091C69.9988 22.3068 69.5481 22.6174 68.995 22.8409C68.4458 23.0606 67.8113 23.1705 67.0916 23.1705ZM78.8004 17.9545V23H76.38V11.3636H78.7322V15.8125H78.8345C79.0315 15.2973 79.3497 14.8939 79.7891 14.6023C80.2285 14.3068 80.7796 14.1591 81.4425 14.1591C82.0485 14.1591 82.5769 14.2917 83.0277 14.5568C83.4822 14.8182 83.8345 15.1951 84.0845 15.6875C84.3383 16.1761 84.4633 16.7614 84.4595 17.4432V23H82.0391V17.875C82.0429 17.3371 81.9065 16.9186 81.63 16.6193C81.3572 16.3201 80.9747 16.1705 80.4822 16.1705C80.1527 16.1705 79.861 16.2405 79.6072 16.3807C79.3572 16.5208 79.1603 16.7254 79.0163 16.9943C78.8762 17.2595 78.8042 17.5795 78.8004 17.9545ZM90.3416 23.1705C89.4439 23.1705 88.6712 22.9886 88.0234 22.625C87.3795 22.2576 86.8833 21.7386 86.5348 21.0682C86.1863 20.3939 86.0121 19.5966 86.0121 18.6761C86.0121 17.7784 86.1863 16.9905 86.5348 16.3125C86.8833 15.6345 87.3738 15.1061 88.0064 14.7273C88.6428 14.3485 89.389 14.1591 90.245 14.1591C90.8208 14.1591 91.3568 14.2519 91.853 14.4375C92.353 14.6193 92.7886 14.8939 93.1598 15.2614C93.5348 15.6288 93.8265 16.0909 94.0348 16.6477C94.2431 17.2008 94.3473 17.8485 94.3473 18.5909V19.2557H86.978V17.7557H92.0689C92.0689 17.4072 91.9931 17.0985 91.8416 16.8295C91.6901 16.5606 91.4799 16.3504 91.2109 16.1989C90.9458 16.0436 90.6371 15.9659 90.2848 15.9659C89.9174 15.9659 89.5916 16.0511 89.3075 16.2216C89.0272 16.3883 88.8075 16.6136 88.6484 16.8977C88.4893 17.178 88.4079 17.4905 88.4041 17.8352V19.2614C88.4041 19.6932 88.4837 20.0663 88.6428 20.3807C88.8056 20.6951 89.0348 20.9375 89.3303 21.108C89.6257 21.2784 89.9761 21.3636 90.3814 21.3636C90.6503 21.3636 90.8965 21.3258 91.12 21.25C91.3435 21.1742 91.5348 21.0606 91.6939 20.9091C91.853 20.7576 91.9742 20.572 92.0575 20.3523L94.2962 20.5C94.1825 21.0379 93.9496 21.5076 93.5973 21.9091C93.2488 22.3068 92.7981 22.6174 92.245 22.8409C91.6958 23.0606 91.0613 23.1705 90.3416 23.1705ZM98.3473 11.3636V23H95.9268V11.3636H98.3473ZM100.286 26.2727V14.2727H102.673V15.7386H102.781C102.887 15.5038 103.04 15.2652 103.241 15.0227C103.445 14.7765 103.71 14.572 104.036 14.4091C104.366 14.2424 104.775 14.1591 105.263 14.1591C105.9 14.1591 106.487 14.3258 107.025 14.6591C107.563 14.9886 107.993 15.4867 108.315 16.1534C108.637 16.8163 108.798 17.6477 108.798 18.6477C108.798 19.6212 108.64 20.4432 108.326 21.1136C108.015 21.7803 107.591 22.286 107.053 22.6307C106.519 22.9716 105.921 23.142 105.258 23.142C104.788 23.142 104.388 23.0644 104.059 22.9091C103.733 22.7538 103.466 22.5587 103.258 22.3239C103.049 22.0852 102.89 21.8447 102.781 21.6023H102.707V26.2727H100.286ZM102.656 18.6364C102.656 19.1553 102.728 19.608 102.871 19.9943C103.015 20.3807 103.224 20.6818 103.496 20.8977C103.769 21.1098 104.101 21.2159 104.491 21.2159C104.885 21.2159 105.218 21.108 105.491 20.892C105.763 20.6723 105.97 20.3693 106.11 19.983C106.254 19.5928 106.326 19.1439 106.326 18.6364C106.326 18.1326 106.256 17.6894 106.116 17.3068C105.976 16.9242 105.769 16.625 105.496 16.4091C105.224 16.1932 104.888 16.0852 104.491 16.0852C104.097 16.0852 103.763 16.1894 103.491 16.3977C103.222 16.6061 103.015 16.9015 102.871 17.2841C102.728 17.6667 102.656 18.1174 102.656 18.6364ZM115.609 26.2727C115.302 26.2727 115.014 26.2481 114.745 26.1989C114.48 26.1534 114.26 26.0947 114.086 26.0227L114.631 24.2159C114.915 24.303 115.171 24.3504 115.398 24.358C115.629 24.3655 115.828 24.3125 115.995 24.1989C116.165 24.0852 116.304 23.892 116.41 23.6193L116.552 23.25L113.421 14.2727H115.967L117.773 20.6818H117.864L119.688 14.2727H122.251L118.859 23.9432C118.696 24.4129 118.474 24.822 118.194 25.1705C117.917 25.5227 117.567 25.7936 117.143 25.983C116.719 26.1761 116.207 26.2727 115.609 26.2727ZM127.151 23.1705C126.269 23.1705 125.505 22.983 124.862 22.608C124.221 22.2292 123.727 21.7027 123.379 21.0284C123.03 20.3504 122.856 19.5644 122.856 18.6705C122.856 17.7689 123.03 16.9811 123.379 16.3068C123.727 15.6288 124.221 15.1023 124.862 14.7273C125.505 14.3485 126.269 14.1591 127.151 14.1591C128.034 14.1591 128.795 14.3485 129.435 14.7273C130.079 15.1023 130.576 15.6288 130.924 16.3068C131.272 16.9811 131.447 17.7689 131.447 18.6705C131.447 19.5644 131.272 20.3504 130.924 21.0284C130.576 21.7027 130.079 22.2292 129.435 22.608C128.795 22.983 128.034 23.1705 127.151 23.1705ZM127.163 21.2955C127.564 21.2955 127.899 21.1818 128.168 20.9545C128.437 20.7235 128.64 20.4091 128.776 20.0114C128.916 19.6136 128.987 19.161 128.987 18.6534C128.987 18.1458 128.916 17.6932 128.776 17.2955C128.64 16.8977 128.437 16.5833 128.168 16.3523C127.899 16.1212 127.564 16.0057 127.163 16.0057C126.757 16.0057 126.416 16.1212 126.14 16.3523C125.867 16.5833 125.661 16.8977 125.521 17.2955C125.384 17.6932 125.316 18.1458 125.316 18.6534C125.316 19.161 125.384 19.6136 125.521 20.0114C125.661 20.4091 125.867 20.7235 126.14 20.9545C126.416 21.1818 126.757 21.2955 127.163 21.2955ZM138.617 19.2841V14.2727H141.038V23H138.714V21.4148H138.623C138.426 21.9261 138.098 22.3371 137.64 22.6477C137.185 22.9583 136.63 23.1136 135.975 23.1136C135.392 23.1136 134.879 22.9811 134.435 22.7159C133.992 22.4508 133.646 22.0739 133.396 21.5852C133.149 21.0966 133.024 20.5114 133.021 19.8295V14.2727H135.441V19.3977C135.445 19.9129 135.583 20.3201 135.856 20.6193C136.129 20.9186 136.494 21.0682 136.952 21.0682C137.244 21.0682 137.517 21.0019 137.771 20.8693C138.024 20.733 138.229 20.5322 138.384 20.267C138.543 20.0019 138.621 19.6742 138.617 19.2841Z"
                fill="#3D3D3D"
              />
              <path
                d="M113.5 45L99 35.5L113.5 32.5V45Z"
                fill="#296D96"
              />
            </svg>
            <svg
              className="absolute z-[10] top-[50px] right-[-80px]"
              fill="none"
              height="45"
              viewBox="0 0 71 45"
              width="71"
              xmlns="http://www.w3.org/2000/svg"
            >
              <rect
                fill="#0CD0EE"
                height="36"
                rx="18"
                width="71"
              />
              <path
                d="M25.7692 23V11.3636H28.2294V16.1648H33.2237V11.3636H35.6783V23H33.2237V18.1932H28.2294V23H25.7692ZM37.6612 23V14.2727H40.0817V23H37.6612ZM38.8771 13.1477C38.5173 13.1477 38.2086 13.0284 37.951 12.7898C37.6972 12.5473 37.5703 12.2576 37.5703 11.9205C37.5703 11.5871 37.6972 11.3011 37.951 11.0625C38.2086 10.8201 38.5173 10.6989 38.8771 10.6989C39.237 10.6989 39.5438 10.8201 39.7976 11.0625C40.0552 11.3011 40.1839 11.5871 40.1839 11.9205C40.1839 12.2576 40.0552 12.5473 39.7976 12.7898C39.5438 13.0284 39.237 13.1477 38.8771 13.1477ZM44.9126 11.3636L44.6911 19.5114H42.6115L42.3842 11.3636H44.9126ZM43.6513 23.1477C43.2763 23.1477 42.9543 23.0152 42.6854 22.75C42.4164 22.4811 42.2839 22.1591 42.2876 21.7841C42.2839 21.4129 42.4164 21.0947 42.6854 20.8295C42.9543 20.5644 43.2763 20.4318 43.6513 20.4318C44.0111 20.4318 44.3274 20.5644 44.6001 20.8295C44.8729 21.0947 45.0111 21.4129 45.0149 21.7841C45.0111 22.0341 44.9448 22.2633 44.8161 22.4716C44.6911 22.6761 44.5263 22.8409 44.3217 22.9659C44.1172 23.0871 43.8937 23.1477 43.6513 23.1477Z"
                fill="#3D3D3D"
              />
              <path
                d="M12 45L26.5 35.5L12 32.5V45Z"
                fill="#0CD0EE"
              />
            </svg>
            <svg
              className="absolute z-[10] top-[150px] left-[-120px]"
              fill="none"
              height="52"
              viewBox="0 0 131 52"
              width="131"
              xmlns="http://www.w3.org/2000/svg"
            >
              <rect
                fill="#296D96"
                height="36"
                rx="18"
                transform="matrix(-1 0 0 1 118 9)"
                width="105"
              />
              <path
                d="M33.706 20.3636V32H31.2457V20.3636H33.706ZM37.7131 20.3636V21.5909C37.7131 21.9394 37.6449 22.2955 37.5085 22.6591C37.3759 23.0189 37.1979 23.3598 36.9744 23.6818C36.7509 24 36.5066 24.2708 36.2415 24.4943L35.1733 23.8636C35.3627 23.5644 35.5294 23.233 35.6733 22.8693C35.821 22.5057 35.8949 22.0833 35.8949 21.6023V20.3636H37.7131ZM38.9815 32V23.2727H41.2884V24.8125H41.3906C41.5724 24.3011 41.8755 23.8977 42.2997 23.6023C42.724 23.3068 43.2315 23.1591 43.8224 23.1591C44.4209 23.1591 44.9304 23.3087 45.3509 23.608C45.7713 23.9034 46.0516 24.3049 46.1918 24.8125H46.2827C46.4607 24.3125 46.7827 23.9129 47.2486 23.6136C47.7183 23.3106 48.2732 23.1591 48.9134 23.1591C49.7277 23.1591 50.3887 23.4186 50.8963 23.9375C51.4077 24.4527 51.6634 25.1837 51.6634 26.1307V32H49.2486V26.608C49.2486 26.1231 49.1198 25.7595 48.8622 25.517C48.6046 25.2746 48.2827 25.1534 47.8963 25.1534C47.4569 25.1534 47.1141 25.2936 46.8679 25.5739C46.6217 25.8504 46.4986 26.2159 46.4986 26.6705V32H44.152V26.5568C44.152 26.1288 44.0289 25.7879 43.7827 25.5341C43.5402 25.2803 43.2202 25.1534 42.8224 25.1534C42.5535 25.1534 42.3111 25.2216 42.0952 25.358C41.883 25.4905 41.7145 25.678 41.5895 25.9205C41.4645 26.1591 41.402 26.4394 41.402 26.7614V32H38.9815ZM59.6989 26.9545V32H57.2784V23.2727H59.5852V24.8125H59.6875C59.8807 24.3049 60.2045 23.9034 60.6591 23.608C61.1136 23.3087 61.6648 23.1591 62.3125 23.1591C62.9186 23.1591 63.447 23.2917 63.8977 23.5568C64.3485 23.822 64.6989 24.2008 64.9489 24.6932C65.1989 25.1818 65.3239 25.7652 65.3239 26.4432V32H62.9034V26.875C62.9072 26.3409 62.7708 25.9242 62.4943 25.625C62.2178 25.322 61.8371 25.1705 61.3523 25.1705C61.0265 25.1705 60.7386 25.2405 60.4886 25.3807C60.2424 25.5208 60.0492 25.7254 59.9091 25.9943C59.7727 26.2595 59.7027 26.5795 59.6989 26.9545ZM67.2315 32V23.2727H69.652V32H67.2315ZM68.4474 22.1477C68.0876 22.1477 67.7789 22.0284 67.5213 21.7898C67.2675 21.5473 67.1406 21.2576 67.1406 20.9205C67.1406 20.5871 67.2675 20.3011 67.5213 20.0625C67.7789 19.8201 68.0876 19.6989 68.4474 19.6989C68.8073 19.6989 69.1141 19.8201 69.3679 20.0625C69.6255 20.3011 69.7543 20.5871 69.7543 20.9205C69.7543 21.2576 69.6255 21.5473 69.3679 21.7898C69.1141 22.0284 68.8073 22.1477 68.4474 22.1477ZM74.0114 26.9545V32H71.5909V23.2727H73.8977V24.8125H74C74.1932 24.3049 74.517 23.9034 74.9716 23.608C75.4261 23.3087 75.9773 23.1591 76.625 23.1591C77.2311 23.1591 77.7595 23.2917 78.2102 23.5568C78.661 23.822 79.0114 24.2008 79.2614 24.6932C79.5114 25.1818 79.6364 25.7652 79.6364 26.4432V32H77.2159V26.875C77.2197 26.3409 77.0833 25.9242 76.8068 25.625C76.5303 25.322 76.1496 25.1705 75.6648 25.1705C75.339 25.1705 75.0511 25.2405 74.8011 25.3807C74.5549 25.5208 74.3617 25.7254 74.2216 25.9943C74.0852 26.2595 74.0152 26.5795 74.0114 26.9545ZM81.544 23.2727H83.9645V32.4318C83.9645 33.1061 83.8319 33.6515 83.5668 34.0682C83.3016 34.4848 82.9209 34.7898 82.4247 34.983C81.9323 35.1761 81.3433 35.2727 80.6577 35.2727C80.5743 35.2727 80.4948 35.2708 80.419 35.267C80.3395 35.267 80.2562 35.2652 80.169 35.2614V33.3693C80.2334 33.3731 80.2902 33.375 80.3395 33.375C80.3849 33.3788 80.4342 33.3807 80.4872 33.3807C80.8774 33.3807 81.1501 33.2973 81.3054 33.1307C81.4645 32.9678 81.544 32.7216 81.544 32.392V23.2727ZM82.7486 22.1477C82.3925 22.1477 82.0857 22.0284 81.8281 21.7898C81.5705 21.5473 81.4418 21.2576 81.4418 20.9205C81.4418 20.5871 81.5705 20.3011 81.8281 20.0625C82.0857 19.8201 82.3925 19.6989 82.7486 19.6989C83.1122 19.6989 83.4209 19.8201 83.6747 20.0625C83.9323 20.3011 84.0611 20.5871 84.0611 20.9205C84.0611 21.2576 83.9323 21.5473 83.6747 21.7898C83.4209 22.0284 83.1122 22.1477 82.7486 22.1477ZM88.392 32.1648C87.8352 32.1648 87.339 32.0682 86.9034 31.875C86.4678 31.678 86.1231 31.3883 85.8693 31.0057C85.6193 30.6193 85.4943 30.1383 85.4943 29.5625C85.4943 29.0777 85.5833 28.6705 85.7614 28.3409C85.9394 28.0114 86.1818 27.7462 86.4886 27.5455C86.7955 27.3447 87.1439 27.1932 87.5341 27.0909C87.928 26.9886 88.3409 26.9167 88.7727 26.875C89.2803 26.822 89.6894 26.7727 90 26.7273C90.3106 26.678 90.536 26.6061 90.6761 26.5114C90.8163 26.4167 90.8864 26.2765 90.8864 26.0909V26.0568C90.8864 25.697 90.7727 25.4186 90.5455 25.2216C90.322 25.0246 90.0038 24.9261 89.5909 24.9261C89.1553 24.9261 88.8087 25.0227 88.5511 25.2159C88.2936 25.4053 88.1231 25.6439 88.0398 25.9318L85.8011 25.75C85.9148 25.2197 86.1383 24.7614 86.4716 24.375C86.8049 23.9848 87.2348 23.6856 87.7614 23.4773C88.2917 23.2652 88.9053 23.1591 89.6023 23.1591C90.0871 23.1591 90.5511 23.2159 90.9943 23.3295C91.4413 23.4432 91.8371 23.6193 92.1818 23.858C92.5303 24.0966 92.8049 24.4034 93.0057 24.7784C93.2064 25.1496 93.3068 25.5947 93.3068 26.1136V32H91.0114V30.7898H90.9432C90.803 31.0625 90.6155 31.303 90.3807 31.5114C90.1458 31.7159 89.8636 31.8769 89.5341 31.9943C89.2045 32.108 88.8239 32.1648 88.392 32.1648ZM89.0852 30.4943C89.4413 30.4943 89.7557 30.4242 90.0284 30.2841C90.3011 30.1402 90.5152 29.947 90.6705 29.7045C90.8258 29.4621 90.9034 29.1875 90.9034 28.8807V27.9545C90.8277 28.0038 90.7235 28.0492 90.5909 28.0909C90.4621 28.1288 90.3163 28.1648 90.1534 28.1989C89.9905 28.2292 89.8277 28.2576 89.6648 28.2841C89.5019 28.3068 89.3542 28.3277 89.2216 28.3466C88.9375 28.3883 88.6894 28.4545 88.4773 28.5455C88.2652 28.6364 88.1004 28.7595 87.983 28.9148C87.8655 29.0663 87.8068 29.2557 87.8068 29.483C87.8068 29.8125 87.9261 30.0644 88.1648 30.2386C88.4072 30.4091 88.714 30.4943 89.0852 30.4943ZM99.2642 27.3352C99.2642 28.7481 99.0748 30.0473 98.696 31.233C98.321 32.4186 97.7453 33.517 96.9688 34.5284H94.6562C94.9517 34.1534 95.2263 33.6951 95.4801 33.1534C95.7339 32.6117 95.9555 32.0208 96.1449 31.3807C96.3343 30.7367 96.482 30.0701 96.5881 29.3807C96.6941 28.6913 96.7472 28.0095 96.7472 27.3352C96.7472 26.4375 96.6544 25.5322 96.4688 24.6193C96.2869 23.7027 96.0369 22.8542 95.7188 22.0739C95.4044 21.2898 95.0502 20.6477 94.6562 20.1477H96.9688C97.7453 21.1591 98.321 22.2576 98.696 23.4432C99.0748 24.6288 99.2642 25.9261 99.2642 27.3352Z"
                fill="#3D3D3D"
              />
              <path
                d="M98.5 0L84 9.5L98.5 12.5V0Z"
                fill="#296D96"
              />
            </svg>
            <img
              alt="ninja"
              className=""
              height={180}
              src="/lnd_nj.png"
              width={145}
            />
          </div>
          <img
            alt="ninja"
            className="-top-[50%] animate-pulse"
            height={370}
            src="/lnd_tail.png"
            width={109}
          />
        </div>
      </div>
    </div>
    <div
      className="flex w-full max-w-[1080px] bg-[url(/lnd_bl2.png)] p-[20px] bg-no-repeat bg-center bg-cover rounded-lg mb-[40px]"
      data-aos="fade-up"
    >
      <div
        className="flex flex-col z-20 w-full md:justify-between md:items-center mx-auto md:flex-row"
      >
        <h2
          className="text-[25px] font-grotesk text-white uppercase mb-[70px] md:mb-0 md:w-2/3"
        >
          check out our training 
          <br />
           programme on how to use 
          <br />
           the app
        </h2>
        <div
          className="flex justify-center md:w-1/2"
        >
          <a
            className="self-center p-[20px] rounded-full w-auto py-2 bg-[#41F092] text-black"
            href="/faq"
            onClick={[Function]}
            onMouseEnter={[Function]}
            onTouchStart={[Function]}
            style={
              Object {
                "color": "inherit",
                "marginRight": 10,
              }
            }
          >
            <span>
              Explore GreenWing
            </span>
          </a>
        </div>
      </div>
    </div>
  </div>
  <div
    className="bg-[#1E1E1E] w-full py-[40px] mb-[40px]"
  >
    <div
      className="w-full max-w-[1080px] mx-auto px-[20px]"
    >
      <h2
        className="text-white uppercase text-[25px] font-grotesk"
      >
        Products
      </h2>
      <div
        className="grid grid-cols-1 md:grid-cols-3 mt-[40px]"
      >
        <div
          className="flex flex-col items-center transform transition duration-500 hover:scale-110 cursor-pointer"
        >
          <img
            alt=""
            src="ninja2.png"
          />
          <h3
            className="font-drukBold mt-[20px] text-white"
          >
            vRanda
          </h3>
        </div>
        <div
          className="flex flex-col items-center transform transition duration-500 hover:scale-110 cursor-pointer"
        >
          <img
            alt=""
            src="ninja2.png"
          />
          <h3
            className="font-drukBold mt-[20px] text-white"
          >
            Web3 Studio
          </h3>
        </div>
        <div
          className="flex flex-col items-center transform transition duration-500 hover:scale-110 cursor-pointer"
        >
          <img
            alt=""
            src="ninja2.png"
          />
          <h3
            className="font-drukBold mt-[20px] text-white"
          >
            <b>
              Identity Wallet
            </b>
          </h3>
        </div>
      </div>
    </div>
  </div>
  <div
    className="carousel slide carousel-fade relative max-w-[1080px] px-[20px] my-[40px] py-[40px]"
  >
    <div
      className="flex justify-center mb-[40px]"
    >
      <button
        className="bg-[#41F092] text-[#343434] rounded-lg  p-[10px] mx-[10px]"
        type="button"
      >
        Talent Hubs
      </button>
      <button
        className=" bg-[#232323] text-[#B1B1B1] rounded-lg  p-[10px] mx-[10px]"
        type="button"
      >
        DAOs and Guilds
      </button>
      <button
        className=" bg-[#232323] text-[#B1B1B1] rounded-lg  p-[10px] mx-[10px]"
        type="button"
      >
        Loyalty Programs
      </button>
    </div>
    <div
      className="carousel-inner relative w-full overflow-hidden"
    >
      <div
        className="activecarousel-item float-left w-full"
      >
        <div
          className="grid grid-cols-1 md:grid-cols-4 gap-[20px]"
        >
          <div
            className="flex flex-col "
          >
            <img
              alt=""
              src="/guides1.png"
            />
            <h2 />
            <p
              className="mt-[30px]"
            >
              Venture studios, accelerators, grant holders, talent marketplaces
            </p>
          </div>
          <div
            className="flex flex-col "
          >
            <img
              alt=""
              src="/webinars.png"
            />
            <h2 />
            <p
              className="mt-[30px]"
            >
              Certificates for achievements, qualifications, and projects completion
            </p>
          </div>
          <div
            className="flex flex-col "
          >
            <img
              alt=""
              src="/account.png"
            />
            <h2 />
            <p
              className="mt-[30px]"
            >
              Web3 CV to collect all achievements in one place
            </p>
          </div>
          <div
            className="flex flex-col "
          >
            <img
              alt=""
              src="/billing.png"
            />
            <h2 />
            <p
              className="mt-[30px]"
            >
              Easy KYC, quality verification, project-based assessment
            </p>
          </div>
        </div>
      </div>
      <div
        className=" carousel-item float-left w-full"
      >
        <div
          className="grid grid-cols-1 md:grid-cols-4 gap-[20px]"
        >
          <div
            className="flex flex-col "
          >
            <img
              alt=""
              src="/guides1.png"
            />
            <h2 />
            <p
              className="mt-[30px]"
            >
              Community and membership governance
            </p>
          </div>
          <div
            className="flex flex-col "
          >
            <img
              alt=""
              src="/webinars.png"
            />
            <h2 />
            <p
              className="mt-[30px]"
            >
              Membership badges, reputational tiers, activity rewards
            </p>
          </div>
          <div
            className="flex flex-col "
          >
            <img
              alt=""
              src="/account.png"
            />
            <h2 />
            <p
              className="mt-[30px]"
            >
              Multidimensional portable profile for many DAOs
            </p>
          </div>
          <div
            className="flex flex-col "
          >
            <img
              alt=""
              src="/billing.png"
            />
            <h2 />
            <p
              className="mt-[30px]"
            >
              Governance rating, access management, gating
            </p>
          </div>
        </div>
      </div>
      <div
        className=" carousel-item float-left w-full"
      >
        <div
          className="grid grid-cols-1 md:grid-cols-4 gap-[20px]"
        >
          <div
            className="flex flex-col "
          >
            <img
              alt=""
              src="/guides1.png"
            />
            <h2 />
            <p
              className="mt-[30px]"
            >
              Gamification of interaction with customers
            </p>
          </div>
          <div
            className="flex flex-col "
          >
            <img
              alt=""
              src="/webinars.png"
            />
            <h2 />
            <p
              className="mt-[30px]"
            >
              New generation of promo codes
            </p>
          </div>
          <div
            className="flex flex-col "
          >
            <img
              alt=""
              src="/account.png"
            />
            <h2 />
            <p
              className="mt-[30px]"
            >
              One point of entry for all SMM channels
            </p>
          </div>
          <div
            className="flex flex-col "
          >
            <img
              alt=""
              src="/billing.png"
            />
            <h2 />
            <p
              className="mt-[30px]"
            >
              Access to perks and limited content
            </p>
          </div>
        </div>
      </div>
    </div>
  </div>
  <div
    className="flex flex-col md:flex-row bg-[#FDA7FF] w-full rounded-[20px] max-w-[1030px] px-[20px] py-[60px] my-[40px]"
  >
    <div
      className="flex flex-row w-2/3 justify-between items-center"
    >
      <div
        className="flex relative w-1/3"
      >
        <img
          alt=""
          className="max-w-[280px] absolute top-[-150px] left-0"
          src="/products.png"
        />
      </div>
      <div
        className="flex flex-col w-2/3"
      >
        <h2
          className="font-grotesk text-[#343434] uppercase text-[32px]"
        >
          Try Our App
        </h2>
        <p
          className="text-[#343434]"
        >
          Download it now and start writingyour own web3 history!
        </p>
      </div>
    </div>
    <div
      className="flex w-1/3 items-center"
    >
      <button
        className="text-white bg-[#FB40FF] rounded-full px-[40px] py-[8px] border-[1px] border-[#FB40FF] hover:bg-transparent hover:text-[#FB40FF] transition-colors"
        type="button"
      >
        Download now
      </button>
    </div>
  </div>
  <div
    className="flex mb-[20px] w-full items-center flex-col rounded-lg mx-auto py-[40px] bg-[#1E1E1E]"
  >
    <div
      className="flex flex-col max-w-[1080px] px-[20px]"
      data-aos="fade-up"
    >
      <h2
        className="font-grotesk mt-[10px] mb-[25px] text-white uppercase text-[25px]"
      >
        our vision
      </h2>
      <div
        className="grid grid-cols-1 sm:grid-cols-3 gap-4 auto-cols-max max-w-[1080px]"
      >
        <div
          className="flex flex-col items-center w-full"
        >
          <img
            alt=""
            className="w-full"
            src="/lnd_img1.png"
          />
          <div
            className="mt-[36px]"
          >
            <h3
              className="font-drukHeavy text-[#41F092] uppercase text-[16px] mb-[10px]"
            >
              Problem
            </h3>
            <p
              className="text-[#D9D9D9]"
            >
              Our digital life is dominated by big tech companies, which is convenient on the user experience level but leaves us with very low to no rights to our personal data and account. Users have to manage multiple profiles, and each of them can be censored or de-platformed.
            </p>
          </div>
        </div>
        <div
          className="flex flex-col items-center mt-[50px] md:mt-0"
        >
          <img
            alt=""
            className="w-full"
            src="/lnd_img2.png"
          />
          <div
            className="mt-[36px]"
          >
            <h3
              className="font-drukHeavy text-[#41F092] uppercase text-[16px] mb-[10px]"
            >
              Solution
            </h3>
            <p
              className="text-[#D9D9D9]"
            >
              vSelf provides an identity-as-Service platform with gamification, where users can :
            </p>
            <ul
              className="text-[#D9D9D9]"
            >
              <li>
                - manage personal data and credentials
              </li>
              <li>
                - choose which information to share with businesses and institutions
              </li>
              <li>
                - get rewards for activities and co-create a new ethical data market
              </li>
            </ul>
          </div>
        </div>
        <div
          className="flex flex-col items-center mt-[50px] md:mt-0"
        >
          <img
            alt=""
            className="w-full"
            src="/lnd_img3.png"
          />
          <div
            className="mt-[36px]"
          >
            <h3
              className="font-drukHeavy text-[#41F092] uppercase text-[16px] mb-[10px]"
            >
              who? what?
            </h3>
            <p
              className="text-[#D9D9D9]"
            >
              vSelf team has years your experience in web3 development and computer science research. Our goal is to bring the benefits of the blockchain world to general public and guarantee ownership over personal data to the users. We start our journey with a solution for NFT-based personal provenance that we invite you to try today.
               
            </p>
          </div>
        </div>
      </div>
    </div>
  </div>
  <h2
    className="w-full max-w-[1080px] mx-auto px-[20px] font-grotesk mt-[60px] text-white uppercase text-[25px]"
    data-aos="fade-up"
  >
     Features
  </h2>
  <div
    className="flex flex-col w-full max-w-[1080px] mx-auto mt-[20px] mb-[60px] px-[20px] items-start"
  >
    <div>
      <div
        className="flex flex-col md:flex-row flex-wrap gap-3"
      >
        <h3
          className="inline-flex bg-gradient-to-r from-[#157FDF] to-[#01E1FF] p-[20px] rounded-[20px] sm:text-[14px] xl:text-[16px] uppercase font-drukHeavy"
          data-aos="flip-up"
        >
          Verifiable 
          <br />
          Credentials
        </h3>
        <h3
          className="bg-gradient-to-r from-[#157FDF] to-[#01E1FF] p-[20px] rounded-[20px] sm:text-[14px] xl:text-[16px] uppercase font-drukHeavy inline-flex"
          data-aos="flip-up"
          data-aos-delay="100"
        >
          base for ethical 
          <br />
          data market
        </h3>
        <h3
          className="bg-gradient-to-r from-[#01E1FF] to-[#FB40FF] p-[20px] rounded-[20px] sm:text-[14px] xl:text-[16px] uppercase font-drukHeavy inline-flex"
          data-aos="flip-up"
          data-aos-delay="200"
        >
          privacy by
          <br />
          design
        </h3>
        <h3
          className="bg-gradient-to-r from-[#FB40FF] to-[#01E1FF] rounded-[20px] p-[20px] sm:text-[14px] xl:text-[16px] uppercase font-drukHeavy inline-flex"
          data-aos="flip-up"
          data-aos-delay="100"
        >
          nft-based 
          <br />
          gamification
        </h3>
        <h3
          className="bg-gradient-to-r from-[#FB40FF] to-[#01E1FF] rounded-[20px] p-[20px] sm:text-[14px] xl:text-[16px] uppercase font-drukHeavy inline-flex"
          data-aos="flip-up"
          data-aos-delay="200"
        >
          multichain 
          <br />
          support
        </h3>
        <h3
          className="bg-gradient-to-r from-[#157FDF] to-[#01E1FF] p-[20px] rounded-[20px] sm:text-[14px] xl:text-[16px] uppercase font-drukHeavy inline-flex"
          data-aos="flip-up"
          data-aos-delay="300"
        >
          web 3.0-native 
          <br />
          architecture
        </h3>
        <h3
          className="bg-gradient-to-r from-[#FB40FF] to-[#01E1FF] p-[20px] rounded-[20px] sm:text-[14px] xl:text-[16px] uppercase font-drukHeavy inline-flex"
          data-aos="flip-up"
          data-aos-delay="100"
        >
          smooth web3
          <br />
           onboarding
        </h3>
        <h3
          className="bg-gradient-to-r from-[#157FDF] to-[#01E1FF] p-[20px] rounded-[20px] sm:text-[14px] xl:text-[16px] uppercase font-drukHeavy inline-flex"
          data-aos="flip-up"
          data-aos-delay="200"
        >
          web3 reputation 
          <br />
          tools
        </h3>
        <h3
          className="bg-gradient-to-r from-[#FB40FF] to-[#01E1FF] p-[20px] rounded-[20px] sm:text-[14px] xl:text-[16px] uppercase font-drukHeavy inline-flex"
          data-aos="flip-up"
          data-aos-delay="300"
        >
          Emergent 
          <br />
          market niche
        </h3>
      </div>
    </div>
  </div>
  <div
    className="flex flex-col items-center mt-[20px] mb-[60px] w-full max-w-[1080px]"
    id="ourapp"
  >
    <div
      className="flex flex-col md:flex-row-reverse overflow-hidden w-full rounded-[20px] p-[20px] bg-[url(/lnd_lst_blk.png)] md:bg-[url(/lnd-bg2.png)] bg-no-repeat bg-center bg-cover"
    >
      <div
        className="flex flex-col md:w-1/2 items-center"
      >
        <img
          alt="GreenWing"
          className="mt-[-20px] md:w-1/2 md:mt-0"
          data-aos="slide-up"
          src="/lnd_img5.png"
        />
        <h3
          className="uppercase mb-[10px] text-center text-[22px] mt-[45px] font-interBold"
        >
          try our app
        </h3>
        <p
          className="text-center text-white mb-[20px]"
        >
          Download it now and start writing 
          <br />
          your own web3 history!
        </p>
        <div
          className="flex flex-col md:flex-row items-center md:mt-[20px]"
        >
          <a
            className="w-1/2 mb-[18px] md:mb-0 md:mr-1"
            href="https://play.google.com/store/apps/details?id=com.VSelf.vselfapp"
            onClick={[Function]}
            onMouseEnter={[Function]}
            onTouchStart={[Function]}
            style={
              Object {
                "color": "inherit",
                "marginRight": 10,
              }
            }
          >
            <img
              alt="Google Play Store"
              src="/google_btn.png"
            />
          </a>
          <a
            className="w-1/2"
            href="https://apps.apple.com/app/vself/id1631569446"
            onClick={[Function]}
            onMouseEnter={[Function]}
            onTouchStart={[Function]}
            style={
              Object {
                "color": "inherit",
                "marginRight": 10,
              }
            }
          >
            <img
              alt="Apple Store"
              src="/apple_btn.png"
            />
          </a>
        </div>
      </div>
      <div
        className="flex justify-center relative md:w-1/2"
      >
        <img
          alt="phone"
          className="flex self-center w-1/2"
          data-aos="slide-up"
          src="/phone1.png"
        />
        <img
          alt="phone"
          className="absolute w-1/2"
          data-aos="slide-up"
          data-aos-delay="500"
          src="/phone2.png"
        />
      </div>
    </div>
  </div>
</div>
`;
